[web/20150211222135/http_/www.trashbat.co.ck/index.html]
[_static/js/bundle-playback5ab0.js]
[_static/js/wombat9b8c.js]
[_static/js/ruffle/ruffle.js]
[_static/css/banner-styles074f.css]
[backblue.gif]
[fade.gif]
[index.html]
[_static/css/iconochive29a7.css]
[web/20150212002544cs_/http_/trashbat.co.ck/css/main.css]
[web/20150212002549im_/http_/trashbat.co.ck/images/home/wasp_left.jpg]
[web/20150212002546im_/http_/trashbat.co.ck/images/home/wasp_right.jpg]
[web/20150212002546im_/http_/trashbat.co.ck/images/home/phone_upper_left.jpg]
[web/20150212002544oe_/http_/trashbat.co.ck/home_slideshow.swf]
[web/20150212002544im_/http_/trashbat.co.ck/images/home/barley_top_left.jpg]
[web/20150212002546im_/http_/trashbat.co.ck/images/home/barley_top_centre.jpg]
[web/20150212002549im_/http_/trashbat.co.ck/images/home/phone_lower_left.jpg]
[web/20150212002550oe_/http_/trashbat.co.ck/home_button_glow.swf]
[web/20150212002547im_/http_/trashbat.co.ck/images/home/phone_lower_right.jpg]
[web/20150212002549im_/http_/trashbat.co.ck/images/home/barley_centre_left.jpg]
[web/20150211222201/http_/www.trashbat.co.ck/barley/index.html]
[web/20150212002550im_/http_/trashbat.co.ck/images/home/nav/but_barley_lo.jpg]
[web/20150212002543im_/http_/trashbat.co.ck/images/home/barley_lower_left.jpg]
[web/20150212002547im_/http_/trashbat.co.ck/images/home/barley_lower_centre.jpg]
[web/20150212002547im_/http_/trashbat.co.ck/images/shared/spacer.gif]
[web/20150211222135/http_/www.trashbat.co.ck/index.html]
[web/20150212002550im_/http_/trashbat.co.ck/images/home/nav/but_dvd_lo.jpg]
[includes/athena.js]
[_static/images/toolbar/wayback-toolbar-logo-200.png]
[web/20150211222201/http_/web.archive.org/screenshot/http_/www.trashbat.co.ck/barley/index.html]
[_static/images/loading.gif]
[web/20131217210225im_/http_/trashbat.co.ck/barley/images/shared/spacer.gif]
[web/20131217204557im_/http_/trashbat.co.ck/barley/images/shared/top_barley.jpg]
[web/20131217210405im_/http_/trashbat.co.ck/barley/images/shared/top_tape.jpg]
[web/20131217205621im_/http_/trashbat.co.ck/barley/images/shared/dotted_horiz.gif]
[web/20150817004750im_/http_/www.trashbat.co.ck/barley/images/home/shoot.gif]
[web/20131217204720im_/http_/trashbat.co.ck/barley/images/shared/bottom_tape.jpg]
[web/20131217205504im_/http_/trashbat.co.ck/barley/images/shared/bottom_barley.jpg]
[web/20150211222201/http_/www.trashbat.co.ck/barley/index.html]
[web/20150211222201/http_/web.archive.org/screenshot/http_/www.trashbat.co.ck/barley/index.html]
[_static/css/banner-styles074f.css]
[_static/css/iconochive29a7.css]
[web/20150212002544cs_/http_/trashbat.co.ck/css/main.css]
[web/20150212002550/http_/trashbat.co.ck/images/home/nav/but_dvd_lo.jpg]
[web/20150212002543js_/http_/trashbat.co.ck/js/nav.js]
[0.gif]
[includes/athena.js]
[_static/images/web-screenshot.svg]
[_static/fonts/Iconochive-Regular.svg]
[web/20150211222135/http_/www.trashbat.co.ck/images/home/nav/but_barley_lo.jpg]
[web/20150211222135/http_/www.trashbat.co.ck/images/home/nav/but_barley_hi.jpg]
[web/20150211222135/http_/www.trashbat.co.ck/images/home/nav/but_dvd_hi.jpg]
